../Core/Src/main.c:92:5:main	16	static
../Core/Src/main.c:145:6:SystemClock_Config	88	static
../Core/Src/main.c:192:13:MX_ADC1_Init	24	static
../Core/Src/main.c:244:13:MX_I2C1_Init	8	static
../Core/Src/main.c:278:13:MX_TIM2_Init	32	static
../Core/Src/main.c:323:13:MX_USART2_UART_Init	8	static
../Core/Src/main.c:354:13:MX_DMA_Init	16	static
../Core/Src/main.c:382:13:MX_GPIO_Init	48	static
../Core/Src/main.c:428:6:HAL_ADC_ConvCpltCallback	16	static
../Core/Src/main.c:434:6:HAL_I2C_MasterRxCpltCallback	32	static
../Core/Src/main.c:453:6:Error_Handler	4	static,ignoring_inline_asm
